
> crown-and-crest@0.1.0 build
> next build --webpack

node.exe : [baseline-browser-mapping] The data in this module is over two months old.  To ensure accurate Baseline data, please update: `npm i baseline-browser-mapping@latest -D`
At line:1 char:1
+ & "C:\Program Files\nodejs/node.exe" "C:\Users\user\AppData\Roaming\n ...
+ ~~~~~~~~~~~~~~~~~~~~~~~~~~~~~~~~~~~~~~~~~~~~~~~~~~~~~~~~~~~~~~~~~~~~~
    + CategoryInfo          : NotSpecified: ([baseline-brows...ping@latest -D`:String) [], RemoteException
    + FullyQualifiedErrorId : NativeCommandError
 
 ΓÜá Warning: Next.js inferred your workspace root, but it may not be correct.
 We detected multiple lockfiles and selected the directory of C:\Users\user\package-lock.json as the root directory.
 To silence this warning, set `outputFileTracingRoot` in your Next.js config, or consider removing one of the lockfiles if it's not needed.
   See https://nextjs.org/docs/app/api-reference/config/next-config-js/output#caveats for more information.
 Detected additional lockfiles: 
   * C:\Users\user\Desktop\Web App\crown-and-crest\package-lock.json

   Γû▓ Next.js 16.0.10 (webpack)
   - Environments: .env.local
   - Experiments (use with caution):
     ┬╖ serverActions


> Build error occurred
Error: Both middleware file "./src\src\middleware.ts" and proxy file "./src\src\proxy.ts" are detected. Please use "./src\src\proxy.ts" only. Learn more: 
https://nextjs.org/docs/messages/middleware-to-proxy
    at ignore-listed frames
